<?xml version="1.0" encoding="UTF-8"?>
<?xml-model href="http://de.clarin.eu/images/weblicht-tutorials/resources/tcf-04/schemas/latest/d-spin_0_4.rnc" type="application/relax-ng-compact-syntax"?>
<D-Spin xmlns="http://www.dspin.de/data" version="0.4">
  <MetaData xmlns="http://www.dspin.de/data/metadata">
    <source></source>
    <Services>
      <CMD xmlns:xsi="http://www.w3.org/2001/XMLSchema-instance" xmlns="http://www.clarin.eu/cmd/" CMDVersion="1.1" xsi:schemaLocation="http://www.clarin.eu/cmd/ http://catalog.clarin.eu/ds/ComponentRegistry/rest/registry/profiles/clarin.eu:cr1:p_1320657629623/xsd">
        <Header></Header>
        <Resources>
          <ResourceProxyList></ResourceProxyList>
          <JournalFileProxyList></JournalFileProxyList>
          <ResourceRelationList></ResourceRelationList>
        </Resources>
        <Components>
          <WebServiceToolChain>
            <GeneralInfo>
              <ResourceName>Custom chain</ResourceName>
              <ResourceClass>Toolchain</ResourceClass>
              <Descriptions>
                <Description></Description>
              </Descriptions>
            </GeneralInfo>
            <Toolchain>
              <ToolInChain>
                <PID>11858/00-1778-0000-0004-BA56-7</PID>
                <Parameter name="version" value="0.4"></Parameter>
              </ToolInChain>
              <ToolInChain>
                <PID>11858/00-1778-0000-0004-BA7B-4</PID>
              </ToolInChain>
              <ToolInChain>
                <PID>30</PID>
              </ToolInChain>
              <ToolInChain>
                <PID>11858/00-1778-0000-0004-BA27-2</PID>
              </ToolInChain>
              <ToolInChain>
                <PID>11858/00-1778-0000-0004-BA29-D</PID>
              </ToolInChain>
              <ToolInChain>
                <PID>287</PID>
              </ToolInChain>
            </Toolchain>
          </WebServiceToolChain>
        </Components>
      </CMD>
    </Services>
  </MetaData>
  <TextCorpus xmlns="http://www.dspin.de/data/textcorpus" lang="de">
    <text>Karin fliegt nach New York. Sie will dort Urlaub machen.</text>
    <tc:tokens xmlns:tc="http://www.dspin.de/data/textcorpus">
      <tc:token ID="t_0">Karin</tc:token>
      <tc:token ID="t_1">fliegt</tc:token>
      <tc:token ID="t_2">nach</tc:token>
      <tc:token ID="t_3">New</tc:token>
      <tc:token ID="t_4">York</tc:token>
      <tc:token ID="t_5">.</tc:token>
      <tc:token ID="t_6">Sie</tc:token>
      <tc:token ID="t_7">will</tc:token>
      <tc:token ID="t_8">dort</tc:token>
      <tc:token ID="t_9">Urlaub</tc:token>
      <tc:token ID="t_10">machen</tc:token>
      <tc:token ID="t_11">.</tc:token>
    </tc:tokens>
    <tc:sentences xmlns:tc="http://www.dspin.de/data/textcorpus">
      <tc:sentence tokenIDs="t_0 t_1 t_2 t_3 t_4 t_5" ID="s_0"></tc:sentence>
      <tc:sentence tokenIDs="t_6 t_7 t_8 t_9 t_10 t_11" ID="s_1"></tc:sentence>
    </tc:sentences>
    <parsing tagset="tigertb">
      <parse>
        <constituent cat="Start" ID="c_15">
          <constituent cat="SIMPX" ID="c_13">
            <constituent cat="VF" ID="c_2">
              <constituent cat="NX" ID="c_1">
                <constituent cat="NE" ID="c_0" tokenIDs="t_0"></constituent>
              </constituent>
            </constituent>
            <constituent cat="LK" ID="c_5">
              <constituent cat="VXFIN" ID="c_4">
                <constituent cat="VVFIN" ID="c_3" tokenIDs="t_1"></constituent>
              </constituent>
            </constituent>
            <constituent cat="MF" ID="c_12">
              <constituent cat="PX" ID="c_11">
                <constituent cat="APPR" ID="c_6" tokenIDs="t_2"></constituent>
                <constituent cat="EN" ID="c_10">
                  <constituent cat="NX" ID="c_9">
                    <constituent cat="NE" ID="c_7" tokenIDs="t_3"></constituent>
                    <constituent cat="NE" ID="c_8" tokenIDs="t_4"></constituent>
                  </constituent>
                </constituent>
              </constituent>
            </constituent>
          </constituent>
          <constituent cat="$." ID="c_14" tokenIDs="t_5"></constituent>
        </constituent>
      </parse>
      <parse>
        <constituent cat="Start" ID="c_32">
          <constituent cat="SIMPX" ID="c_30">
            <constituent cat="VF" ID="c_18">
              <constituent cat="NX" ID="c_17">
                <constituent cat="PPER" ID="c_16" tokenIDs="t_6"></constituent>
              </constituent>
            </constituent>
            <constituent cat="LK" ID="c_21">
              <constituent cat="VXFIN" ID="c_20">
                <constituent cat="VMFIN" ID="c_19" tokenIDs="t_7"></constituent>
              </constituent>
            </constituent>
            <constituent cat="MF" ID="c_26">
              <constituent cat="ADVX" ID="c_23">
                <constituent cat="ADV" ID="c_22" tokenIDs="t_8"></constituent>
              </constituent>
              <constituent cat="NX" ID="c_25">
                <constituent cat="NN" ID="c_24" tokenIDs="t_9"></constituent>
              </constituent>
            </constituent>
            <constituent cat="VC" ID="c_29">
              <constituent cat="VXINF" ID="c_28">
                <constituent cat="VVINF" ID="c_27" tokenIDs="t_10"></constituent>
              </constituent>
            </constituent>
          </constituent>
          <constituent cat="$." ID="c_31" tokenIDs="t_11"></constituent>
        </constituent>
      </parse>
    </parsing>
    <morphology>
      <analysis tokenIDs="t_0">
        <tag>
          <fs>
            <f name="cat">proper name</f>
            <f name="gender">feminine</f>
            <f name="case">nominative</f>
            <f name="number">singular</f>
          </fs>
        </tag>
        <segmentation>
          <segment cat="proper name" type="stem">Karin</segment>
        </segmentation>
      </analysis>
      <analysis tokenIDs="t_1">
        <tag>
          <fs>
            <f name="cat">verb</f>
            <f name="person">3</f>
            <f name="number">singular</f>
            <f name="tense">present</f>
            <f name="indicative">true</f>
          </fs>
        </tag>
        <segmentation>
          <segment cat="verb" type="stem">fliegen</segment>
        </segmentation>
      </analysis>
      <analysis tokenIDs="t_2">
        <tag>
          <fs>
            <f name="cat">preposition</f>
            <f name="case">dative</f>
          </fs>
        </tag>
        <segmentation>
          <segment cat="preposition" type="stem">nach</segment>
        </segmentation>
      </analysis>
      <analysis tokenIDs="t_4">
        <tag>
          <fs>
            <f name="cat">proper name</f>
            <f name="case">neuter</f>
            <f name="case">nominative</f>
            <f name="number">singular</f>
          </fs>
        </tag>
        <segmentation>
          <segment cat="proper name" type="stem">York</segment>
        </segmentation>
      </analysis>
      <analysis tokenIDs="t_5">
        <tag>
          <fs>
            <f name="cat">punctuation</f>
            <f name="punctuation">normal</f>
          </fs>
        </tag>
        <segmentation>
          <segment cat="punctuation" type="stem">.</segment>
        </segmentation>
      </analysis>
      <analysis tokenIDs="t_6">
        <tag>
          <fs>
            <f name="cat">personal pronoun</f>
            <f name="personal">true</f>
            <f name="person">3</f>
            <f name="number">singular</f>
            <f name="gender">undef</f>
            <f name="case">nominative</f>
            <f name="inflection">weak</f>
            <f name="capitalizedForm">true</f>
          </fs>
        </tag>
        <segmentation>
          <segment cat="personal pronoun" type="stem">sie</segment>
        </segmentation>
      </analysis>
      <analysis tokenIDs="t_7">
        <tag>
          <fs>
            <f name="cat">verb</f>
            <f name="person">3</f>
            <f name="number">singular</f>
            <f name="tense">present</f>
            <f name="indicative">true</f>
          </fs>
        </tag>
        <segmentation>
          <segment cat="verb" type="stem">wollen</segment>
        </segmentation>
      </analysis>
      <analysis tokenIDs="t_8">
        <tag>
          <fs>
            <f name="cat">adverb</f>
          </fs>
        </tag>
        <segmentation>
          <segment cat="adverb" type="stem">dort</segment>
        </segmentation>
      </analysis>
      <analysis tokenIDs="t_9">
        <tag>
          <fs>
            <f name="cat">noun</f>
            <f name="gender">masculine</f>
            <f name="case">accusative</f>
            <f name="number">singular</f>
          </fs>
        </tag>
        <segmentation>
          <segment cat="noun" type="stem">Urlaub</segment>
        </segmentation>
      </analysis>
      <analysis tokenIDs="t_10">
        <tag>
          <fs>
            <f name="cat">verb</f>
            <f name="infinitive">true</f>
          </fs>
        </tag>
        <segmentation>
          <segment cat="verb" type="stem">machen</segment>
        </segmentation>
      </analysis>
      <analysis tokenIDs="t_11">
        <tag>
          <fs>
            <f name="cat">punctuation</f>
            <f name="punctuation">normal</f>
          </fs>
        </tag>
        <segmentation>
          <segment cat="punctuation" type="stem">.</segment>
        </segmentation>
      </analysis>
    </morphology>
    <synonymy src="GermaNet">
      <orthform lemmaRefs="le_1">flattern, flirren, hinausfliegen</orthform>
      <orthform lemmaRefs="le_9">Ferien</orthform>
      <orthform lemmaRefs="le_10">auflegen, ausmachen, betätigen, bilden, erschaffen, erzeugen,
        formen, hervorbringen, produzieren, schaffen, schöpfen, treiben, tun</orthform>
    </synonymy>
    <matches>
      <query type="cqp">@[word='Urlaub' | ne='PER']</query>
      <corpus name="TCF04-EXAMPLE" pid="11858/00-1778-0000-0001-TCFEXAMPLE-A">
        <item srcIDs="0" tokenIDs="t_0">
          <target name="0" value="t_0"></target>
          <category name="text_filename" value="karin"></category>
          <category name="text_author" value="SFS, Uni Tuebingen"></category>
        </item>
        <item srcIDs="9" tokenIDs="t_9">
          <target name="0" value="t_9"></target>
          <category name="text_filename" value="karin"></category>
          <category name="text_author" value="SFS, Uni Tuebingen"></category>
        </item>
      </corpus>
    </matches>
    <WordSplittings type="syllables">
      <split tokID="t_0">2</split>
      <split tokID="t_9">2 4</split>
      <split tokID="t_10">2</split>
    </WordSplittings>
    <geo coordFormat="DegDec" continentFormat="name" capitalFormat="name" countryFormat="ISO3166_A2">
      <src>http://www.geonames.org/</src>
      <gpoint lon="-74.005833" alt="10" continent="North America" capital="Washington" tokenIDs="t_3 t_4" lat="40.714167" country="US"></gpoint>
    </geo>
    <Phonetics transcription="IPA">
      <pron tokID="t_9">ˈuːɐ̯ˌlaʊ̯p</pron>
    </Phonetics>
    <textstructure>
      <textspan start="t_0" type="page" end="t_5"></textspan>
      <textspan type="line"></textspan>
      <textspan start="t_0" type="paragraph" end="t_11"></textspan>
      <textspan start="t_0" type="line" end="t_1"></textspan>
      <textspan start="t_2" type="line" end="t_5"></textspan>
      <textspan start="t_6" type="page" end="t_11"></textspan>
      <textspan start="t_6" type="line" end="t_8"></textspan>
      <textspan start="t_9" type="line" end="t_11"></textspan>
      <textspan type="line"></textspan>
    </textstructure>
    <orthography>
      <correction operation="replace" tokenIDs="t_0">Karina</correction>
    </orthography>
    <tc:lemmas xmlns:tc="http://www.dspin.de/data/textcorpus">
      <tc:lemma ID="l_0" tokenIDs="t_0">Karin</tc:lemma>
      <tc:lemma ID="l_1" tokenIDs="t_1">fliegen</tc:lemma>
      <tc:lemma ID="l_2" tokenIDs="t_2">nach</tc:lemma>
      <tc:lemma ID="l_3" tokenIDs="t_3">--</tc:lemma>
      <tc:lemma ID="l_4" tokenIDs="t_4">York</tc:lemma>
      <tc:lemma ID="l_5" tokenIDs="t_5">--</tc:lemma>
      <tc:lemma ID="l_6" tokenIDs="t_6">sie</tc:lemma>
      <tc:lemma ID="l_7" tokenIDs="t_7">wollen</tc:lemma>
      <tc:lemma ID="l_8" tokenIDs="t_8">dort</tc:lemma>
      <tc:lemma ID="l_9" tokenIDs="t_9">Urlaub</tc:lemma>
      <tc:lemma ID="l_10" tokenIDs="t_10">machen</tc:lemma>
      <tc:lemma ID="l_11" tokenIDs="t_11">--</tc:lemma>
    </tc:lemmas>
    <tc:POStags xmlns:tc="http://www.dspin.de/data/textcorpus" tagset="STTS">
      <tc:tag tokenIDs="t_0">NE</tc:tag>
      <tc:tag tokenIDs="t_1">VVFIN</tc:tag>
      <tc:tag tokenIDs="t_2">APPR</tc:tag>
      <tc:tag tokenIDs="t_3">NE</tc:tag>
      <tc:tag tokenIDs="t_4">NE</tc:tag>
      <tc:tag tokenIDs="t_5">$.</tc:tag>
      <tc:tag tokenIDs="t_6">PPER</tc:tag>
      <tc:tag tokenIDs="t_7">VMFIN</tc:tag>
      <tc:tag tokenIDs="t_8">ADV</tc:tag>
      <tc:tag tokenIDs="t_9">NN</tc:tag>
      <tc:tag tokenIDs="t_10">VVINF</tc:tag>
      <tc:tag tokenIDs="t_11">$.</tc:tag>
    </tc:POStags>
    <tc:depparsing xmlns:tc="http://www.dspin.de/data/textcorpus" tagset="tiger" multigovs="false" emptytoks="true">
      <tc:parse>
        <tc:dependency func="SB" depIDs="t_0" govIDs="t_1"></tc:dependency>
        <tc:dependency func="ROOT" depIDs="t_1" govIDs="t_1"></tc:dependency>
        <tc:dependency func="MO" depIDs="t_2" govIDs="t_1"></tc:dependency>
        <tc:dependency func="PNC" depIDs="t_3" govIDs="t_4"></tc:dependency>
        <tc:dependency func="NK" depIDs="t_4" govIDs="t_2"></tc:dependency>
        <tc:dependency func="--" depIDs="t_5" govIDs="t_4"></tc:dependency>
      </tc:parse>
      <tc:parse>
        <tc:dependency func="SB" depIDs="t_0" govIDs="t_1"></tc:dependency>
        <tc:dependency func="ROOT" depIDs="t_1" govIDs="t_1"></tc:dependency>
        <tc:dependency func="MO" depIDs="t_2" govIDs="t_1"></tc:dependency>
        <tc:dependency func="PNC" depIDs="t_3" govIDs="t_4"></tc:dependency>
        <tc:dependency func="NK" depIDs="t_4" govIDs="t_2"></tc:dependency>
        <tc:dependency func="--" depIDs="t_5" govIDs="t_4"></tc:dependency>
        <tc:dependency func="SB" depIDs="t_6" govIDs="t_7"></tc:dependency>
        <tc:dependency func="ROOT" depIDs="t_7" govIDs="t_7"></tc:dependency>
        <tc:dependency func="MO" depIDs="t_8" govIDs="t_10"></tc:dependency>
        <tc:dependency func="OA" depIDs="t_9" govIDs="t_10"></tc:dependency>
        <tc:dependency func="OC" depIDs="t_10" govIDs="t_7"></tc:dependency>
        <tc:dependency func="--" depIDs="t_11" govIDs="t_10"></tc:dependency>
      </tc:parse>
    </tc:depparsing>
    <tc:namedEntities xmlns:tc="http://www.dspin.de/data/textcorpus" type="BART">
      <tc:entity class="PER" tokenIDs="t_0"></tc:entity>
      <tc:entity class="LOC" tokenIDs="t_3 t_4"></tc:entity>
    </tc:namedEntities>
    <tc:references xmlns:tc="http://www.dspin.de/data/textcorpus" reltagset="TueBaDz">
      <tc:entity>
        <tc:reference ID="rc_0" type="nam" rel="anaphoric" target="rc_1" tokenIDs="t_0"></tc:reference>
        <tc:reference ID="rc_1" type="pro.per3" tokenIDs="t_6"></tc:reference>
      </tc:entity>
      <tc:entity>
        <tc:reference ID="rc_2" type="nam" rel="anaphoric" target="rc_3" tokenIDs="t_3 t_4"></tc:reference>
        <tc:reference ID="rc_3" type="adv" tokenIDs="t_8"></tc:reference>
      </tc:entity>
    </tc:references>
  </TextCorpus>
</D-Spin>